// Jest Snapshot v1, https://goo.gl/fbAQLP

exports[`Product component should render the component correctly 1`] = `ShallowWrapper {}`;
